[2026-07-23 20:53:17] production.ERROR: Unable to prepare route [api/v1/app/teams/{team}/config] for serialization. Another route has already been assigned name [teams.config]. {"user":null,"url":"GET https://cloud2.rancorefrigeration.com","exception":"[object] (LogicException(code: 0): Unable to prepare route [api/v1/app/teams/{team}/config] for serialization. Another route has already been assigned name [teams.config]. at /home/rancorefrigerati/cloud2.rancorefrigeration.com/vendor/laravel/framework/src/Illuminate/Routing/AbstractRouteCollection.php:258)
[stacktrace]
#0 /home/rancorefrigerati/cloud2.rancorefrigeration.com/vendor/laravel/framework/src/Illuminate/Routing/AbstractRouteCollection.php(222): Illuminate\\Routing\\AbstractRouteCollection->addToSymfonyRoutesCollection()
#1 /home/rancorefrigerati/cloud2.rancorefrigeration.com/vendor/laravel/framework/src/Illuminate/Routing/RouteCollection.php(268): Illuminate\\Routing\\AbstractRouteCollection->toSymfonyRouteCollection()
#2 /home/rancorefrigerati/cloud2.rancorefrigeration.com/vendor/laravel/framework/src/Illuminate/Routing/AbstractRouteCollection.php(201): Illuminate\\Routing\\RouteCollection->toSymfonyRouteCollection()
#3 /home/rancorefrigerati/cloud2.rancorefrigeration.com/vendor/laravel/framework/src/Illuminate/Routing/AbstractRouteCollection.php(172): Illuminate\\Routing\\AbstractRouteCollection->dumper()
#4 /home/rancorefrigerati/cloud2.rancorefrigeration.com/vendor/laravel/framework/src/Illuminate/Foundation/Console/RouteCacheCommand.php(108): Illuminate\\Routing\\AbstractRouteCollection->compile()
#5 /home/rancorefrigerati/cloud2.rancorefrigeration.com/vendor/laravel/framework/src/Illuminate/Foundation/Console/RouteCacheCommand.php(67): Illuminate\\Foundation\\Console\\RouteCacheCommand->buildRouteCacheFile()
#6 /home/rancorefrigerati/cloud2.rancorefrigeration.com/vendor/laravel/framework/src/Illuminate/Container/BoundMethod.php(36): Illuminate\\Foundation\\Console\\RouteCacheCommand->handle()
#7 /home/rancorefrigerati/cloud2.rancorefrigeration.com/vendor/laravel/framework/src/Illuminate/Container/Util.php(43): Illuminate\\Container\\BoundMethod::{closure:Illuminate\\Container\\BoundMethod::call():35}()
#8 /home/rancorefrigerati/cloud2.rancorefrigeration.com/vendor/laravel/framework/src/Illuminate/Container/BoundMethod.php(96): Illuminate\\Container\\Util::unwrapIfClosure()
#9 /home/rancorefrigerati/cloud2.rancorefrigeration.com/vendor/laravel/framework/src/Illuminate/Container/BoundMethod.php(35): Illuminate\\Container\\BoundMethod::callBoundMethod()
#10 /home/rancorefrigerati/cloud2.rancorefrigeration.com/vendor/laravel/framework/src/Illuminate/Container/Container.php(799): Illuminate\\Container\\BoundMethod::call()
#11 /home/rancorefrigerati/cloud2.rancorefrigeration.com/vendor/laravel/framework/src/Illuminate/Console/Command.php(211): Illuminate\\Container\\Container->call()
#12 /home/rancorefrigerati/cloud2.rancorefrigeration.com/vendor/symfony/console/Command/Command.php(341): Illuminate\\Console\\Command->execute()
#13 /home/rancorefrigerati/cloud2.rancorefrigeration.com/vendor/laravel/framework/src/Illuminate/Console/Command.php(180): Symfony\\Component\\Console\\Command\\Command->run()
#14 /home/rancorefrigerati/cloud2.rancorefrigeration.com/vendor/symfony/console/Application.php(1102): Illuminate\\Console\\Command->run()
#15 /home/rancorefrigerati/cloud2.rancorefrigeration.com/vendor/symfony/console/Application.php(356): Symfony\\Component\\Console\\Application->doRunCommand()
#16 /home/rancorefrigerati/cloud2.rancorefrigeration.com/vendor/symfony/console/Application.php(195): Symfony\\Component\\Console\\Application->doRun()
#17 /home/rancorefrigerati/cloud2.rancorefrigeration.com/vendor/laravel/framework/src/Illuminate/Foundation/Console/Kernel.php(197): Symfony\\Component\\Console\\Application->run()
#18 /home/rancorefrigerati/cloud2.rancorefrigeration.com/artisan(35): Illuminate\\Foundation\\Console\\Kernel->handle()
#19 {main}
"} 
[2026-07-23 20:54:11] production.ERROR: The "--columns" option does not exist. {"user":null,"url":"GET https://cloud2.rancorefrigeration.com","exception":"[object] (Symfony\\Component\\Console\\Exception\\RuntimeException(code: 0): The \"--columns\" option does not exist. at /home/rancorefrigerati/cloud2.rancorefrigeration.com/vendor/symfony/console/Input/ArgvInput.php:226)
[stacktrace]
#0 /home/rancorefrigerati/cloud2.rancorefrigeration.com/vendor/symfony/console/Input/ArgvInput.php(153): Symfony\\Component\\Console\\Input\\ArgvInput->addLongOption()
#1 /home/rancorefrigerati/cloud2.rancorefrigeration.com/vendor/symfony/console/Input/ArgvInput.php(88): Symfony\\Component\\Console\\Input\\ArgvInput->parseLongOption()
#2 /home/rancorefrigerati/cloud2.rancorefrigeration.com/vendor/symfony/console/Input/ArgvInput.php(77): Symfony\\Component\\Console\\Input\\ArgvInput->parseToken()
#3 /home/rancorefrigerati/cloud2.rancorefrigeration.com/vendor/symfony/console/Input/Input.php(53): Symfony\\Component\\Console\\Input\\ArgvInput->parse()
#4 /home/rancorefrigerati/cloud2.rancorefrigeration.com/vendor/symfony/console/Command/Command.php(295): Symfony\\Component\\Console\\Input\\Input->bind()
#5 /home/rancorefrigerati/cloud2.rancorefrigeration.com/vendor/laravel/framework/src/Illuminate/Console/Command.php(180): Symfony\\Component\\Console\\Command\\Command->run()
#6 /home/rancorefrigerati/cloud2.rancorefrigeration.com/vendor/symfony/console/Application.php(1102): Illuminate\\Console\\Command->run()
#7 /home/rancorefrigerati/cloud2.rancorefrigeration.com/vendor/symfony/console/Application.php(356): Symfony\\Component\\Console\\Application->doRunCommand()
#8 /home/rancorefrigerati/cloud2.rancorefrigeration.com/vendor/symfony/console/Application.php(195): Symfony\\Component\\Console\\Application->doRun()
#9 /home/rancorefrigerati/cloud2.rancorefrigeration.com/vendor/laravel/framework/src/Illuminate/Foundation/Console/Kernel.php(197): Symfony\\Component\\Console\\Application->run()
#10 /home/rancorefrigerati/cloud2.rancorefrigeration.com/artisan(35): Illuminate\\Foundation\\Console\\Kernel->handle()
#11 {main}
"} 
[2026-07-23 20:54:16] production.ERROR: The "--columns" option does not exist. {"user":null,"url":"GET https://cloud2.rancorefrigeration.com","exception":"[object] (Symfony\\Component\\Console\\Exception\\RuntimeException(code: 0): The \"--columns\" option does not exist. at /home/rancorefrigerati/cloud2.rancorefrigeration.com/vendor/symfony/console/Input/ArgvInput.php:226)
[stacktrace]
#0 /home/rancorefrigerati/cloud2.rancorefrigeration.com/vendor/symfony/console/Input/ArgvInput.php(153): Symfony\\Component\\Console\\Input\\ArgvInput->addLongOption()
#1 /home/rancorefrigerati/cloud2.rancorefrigeration.com/vendor/symfony/console/Input/ArgvInput.php(88): Symfony\\Component\\Console\\Input\\ArgvInput->parseLongOption()
#2 /home/rancorefrigerati/cloud2.rancorefrigeration.com/vendor/symfony/console/Input/ArgvInput.php(77): Symfony\\Component\\Console\\Input\\ArgvInput->parseToken()
#3 /home/rancorefrigerati/cloud2.rancorefrigeration.com/vendor/symfony/console/Input/Input.php(53): Symfony\\Component\\Console\\Input\\ArgvInput->parse()
#4 /home/rancorefrigerati/cloud2.rancorefrigeration.com/vendor/symfony/console/Command/Command.php(295): Symfony\\Component\\Console\\Input\\Input->bind()
#5 /home/rancorefrigerati/cloud2.rancorefrigeration.com/vendor/laravel/framework/src/Illuminate/Console/Command.php(180): Symfony\\Component\\Console\\Command\\Command->run()
#6 /home/rancorefrigerati/cloud2.rancorefrigeration.com/vendor/symfony/console/Application.php(1102): Illuminate\\Console\\Command->run()
#7 /home/rancorefrigerati/cloud2.rancorefrigeration.com/vendor/symfony/console/Application.php(356): Symfony\\Component\\Console\\Application->doRunCommand()
#8 /home/rancorefrigerati/cloud2.rancorefrigeration.com/vendor/symfony/console/Application.php(195): Symfony\\Component\\Console\\Application->doRun()
#9 /home/rancorefrigerati/cloud2.rancorefrigeration.com/vendor/laravel/framework/src/Illuminate/Foundation/Console/Kernel.php(197): Symfony\\Component\\Console\\Application->run()
#10 /home/rancorefrigerati/cloud2.rancorefrigeration.com/artisan(35): Illuminate\\Foundation\\Console\\Kernel->handle()
#11 {main}
"} 
[2026-07-23 20:55:09] production.ERROR: Unable to prepare route [api/v1/app/teams/{team}/config] for serialization. Another route has already been assigned name [teams.config]. {"user":null,"url":"GET https://cloud2.rancorefrigeration.com","exception":"[object] (LogicException(code: 0): Unable to prepare route [api/v1/app/teams/{team}/config] for serialization. Another route has already been assigned name [teams.config]. at /home/rancorefrigerati/cloud2.rancorefrigeration.com/vendor/laravel/framework/src/Illuminate/Routing/AbstractRouteCollection.php:258)
[stacktrace]
#0 /home/rancorefrigerati/cloud2.rancorefrigeration.com/vendor/laravel/framework/src/Illuminate/Routing/AbstractRouteCollection.php(222): Illuminate\\Routing\\AbstractRouteCollection->addToSymfonyRoutesCollection()
#1 /home/rancorefrigerati/cloud2.rancorefrigeration.com/vendor/laravel/framework/src/Illuminate/Routing/RouteCollection.php(268): Illuminate\\Routing\\AbstractRouteCollection->toSymfonyRouteCollection()
#2 /home/rancorefrigerati/cloud2.rancorefrigeration.com/vendor/laravel/framework/src/Illuminate/Routing/AbstractRouteCollection.php(201): Illuminate\\Routing\\RouteCollection->toSymfonyRouteCollection()
#3 /home/rancorefrigerati/cloud2.rancorefrigeration.com/vendor/laravel/framework/src/Illuminate/Routing/AbstractRouteCollection.php(172): Illuminate\\Routing\\AbstractRouteCollection->dumper()
#4 /home/rancorefrigerati/cloud2.rancorefrigeration.com/vendor/laravel/framework/src/Illuminate/Foundation/Console/RouteCacheCommand.php(108): Illuminate\\Routing\\AbstractRouteCollection->compile()
#5 /home/rancorefrigerati/cloud2.rancorefrigeration.com/vendor/laravel/framework/src/Illuminate/Foundation/Console/RouteCacheCommand.php(67): Illuminate\\Foundation\\Console\\RouteCacheCommand->buildRouteCacheFile()
#6 /home/rancorefrigerati/cloud2.rancorefrigeration.com/vendor/laravel/framework/src/Illuminate/Container/BoundMethod.php(36): Illuminate\\Foundation\\Console\\RouteCacheCommand->handle()
#7 /home/rancorefrigerati/cloud2.rancorefrigeration.com/vendor/laravel/framework/src/Illuminate/Container/Util.php(43): Illuminate\\Container\\BoundMethod::{closure:Illuminate\\Container\\BoundMethod::call():35}()
#8 /home/rancorefrigerati/cloud2.rancorefrigeration.com/vendor/laravel/framework/src/Illuminate/Container/BoundMethod.php(96): Illuminate\\Container\\Util::unwrapIfClosure()
#9 /home/rancorefrigerati/cloud2.rancorefrigeration.com/vendor/laravel/framework/src/Illuminate/Container/BoundMethod.php(35): Illuminate\\Container\\BoundMethod::callBoundMethod()
#10 /home/rancorefrigerati/cloud2.rancorefrigeration.com/vendor/laravel/framework/src/Illuminate/Container/Container.php(799): Illuminate\\Container\\BoundMethod::call()
#11 /home/rancorefrigerati/cloud2.rancorefrigeration.com/vendor/laravel/framework/src/Illuminate/Console/Command.php(211): Illuminate\\Container\\Container->call()
#12 /home/rancorefrigerati/cloud2.rancorefrigeration.com/vendor/symfony/console/Command/Command.php(341): Illuminate\\Console\\Command->execute()
#13 /home/rancorefrigerati/cloud2.rancorefrigeration.com/vendor/laravel/framework/src/Illuminate/Console/Command.php(180): Symfony\\Component\\Console\\Command\\Command->run()
#14 /home/rancorefrigerati/cloud2.rancorefrigeration.com/vendor/symfony/console/Application.php(1102): Illuminate\\Console\\Command->run()
#15 /home/rancorefrigerati/cloud2.rancorefrigeration.com/vendor/symfony/console/Application.php(356): Symfony\\Component\\Console\\Application->doRunCommand()
#16 /home/rancorefrigerati/cloud2.rancorefrigeration.com/vendor/symfony/console/Application.php(195): Symfony\\Component\\Console\\Application->doRun()
#17 /home/rancorefrigerati/cloud2.rancorefrigeration.com/vendor/laravel/framework/src/Illuminate/Foundation/Console/Kernel.php(197): Symfony\\Component\\Console\\Application->run()
#18 /home/rancorefrigerati/cloud2.rancorefrigeration.com/artisan(35): Illuminate\\Foundation\\Console\\Kernel->handle()
#19 {main}
"} 
